// Jest Snapshot v1, https://goo.gl/fbAQLP

exports[`DropdownLink renders dropdown link. 1`] = `
<div class="dropdown-wrapper"><button type="button" aria-label="Languages" class="dropdown-title"><span class="title">VuePress</span> <span class="arrow right"></span></button>
  <ul class="nav-dropdown" style="display: none;" name="dropdown">
    <li class="dropdown-item">
      <!----> <a class="nav-link">Guide</a></li>
    <li class="dropdown-item">
      <!----> <a tabindex="-1" class="nav-link">Config Reference</a></li>
  </ul>
</div>
`;
